[2025-09-12 04:16:13] SUCCESS: ✅ Configuration loaded
[2025-09-12 04:16:13] SUCCESS: ✅ Services configured for quick mode
[2025-09-12 04:16:13] INFO: 🚀 Starting all services...
[2025-09-12 04:16:13] INFO: 🚀 Starting Mock Backend...
[2025-09-12 04:16:13] INFO: ⏳ Waiting for Mock Backend to be ready...
[2025-09-12 04:16:15] SUCCESS: ✅ Mock Backend is ready
[2025-09-12 04:16:15] SUCCESS: ✅ Mock Backend started successfully (PID: 13029)
[2025-09-12 04:16:15] INFO: 🚀 Starting Frontend...
[2025-09-12 04:16:15] ERROR: ❌ Port 3000 is already in use
[2025-09-12 04:16:15] ERROR: ❌ Failed to start some services
[2025-09-12 04:16:15] INFO: 🛑 Stopping all services...
[2025-09-12 04:16:15] INFO: 🛑 Stopping Mock Backend...
[2025-09-12 04:16:15] SUCCESS: ✅ Mock Backend stopped
[2025-09-12 04:16:58] SUCCESS: ✅ Configuration loaded
[2025-09-12 04:16:58] SUCCESS: ✅ Services configured for quick mode
[2025-09-12 04:16:58] INFO: 🚀 Starting all services...
[2025-09-12 04:16:58] INFO: 🚀 Starting Mock Backend...
[2025-09-12 04:16:58] INFO: ⏳ Waiting for Mock Backend to be ready...
[2025-09-12 04:17:00] SUCCESS: ✅ Mock Backend is ready
[2025-09-12 04:17:00] SUCCESS: ✅ Mock Backend started successfully (PID: 13654)
[2025-09-12 04:17:00] INFO: 🚀 Starting Frontend...
[2025-09-12 04:17:00] ERROR: ❌ Port 3000 is already in use
[2025-09-12 04:17:00] ERROR: ❌ Failed to start some services
[2025-09-12 04:17:00] INFO: 🛑 Stopping all services...
[2025-09-12 04:17:00] INFO: 🛑 Stopping Mock Backend...
[2025-09-12 04:17:00] SUCCESS: ✅ Mock Backend stopped
[2025-09-12 04:17:44] SUCCESS: ✅ Configuration loaded
[2025-09-12 04:17:44] SUCCESS: ✅ Services configured for quick mode
[2025-09-12 04:17:44] INFO: 🚀 Starting all services...
[2025-09-12 04:17:44] INFO: 🚀 Starting Mock Backend...
[2025-09-12 04:17:44] INFO: ⏳ Waiting for Mock Backend to be ready...
[2025-09-12 04:17:46] SUCCESS: ✅ Mock Backend is ready
[2025-09-12 04:17:46] SUCCESS: ✅ Mock Backend started successfully (PID: 17326)
[2025-09-12 04:17:46] INFO: 🚀 Starting Frontend...
[2025-09-12 04:17:46] INFO: ⏳ Waiting for Frontend to be ready...
[2025-09-12 04:18:46] ERROR: ❌ Frontend failed to become ready within 60s
[2025-09-12 04:18:46] INFO: 🛑 Stopping Frontend...
[2025-09-12 04:18:46] SUCCESS: ✅ Frontend stopped
[2025-09-12 04:18:46] ERROR: ❌ Failed to start some services
[2025-09-12 04:18:46] INFO: 🛑 Stopping all services...
[2025-09-12 04:18:46] INFO: 🛑 Stopping Mock Backend...
[2025-09-12 04:18:46] SUCCESS: ✅ Mock Backend stopped
